PHPUnit 12.5.12 by Sebastian Bergmann and contributors.

Runtime:       PHP 8.4.16
Configuration: C:\laragon\www\varanasisaree\phpunit.xml

EEE                                                                 3 / 3 (100%)

Time: 00:01.964, Memory: 58.00 MB

There were 3 errors:

1) Tests\Feature\POSRefundTest::test_pos_refund_creates_credit_note_and_restores_stock
Illuminate\Database\QueryException: SQLSTATE[HY000]: General error: 1 duplicate column name: avatar (Connection: sqlite, Database: :memory:, SQL: alter table "users" add column "avatar" varchar)

C:\laragon\www\varanasisaree\vendor\laravel\framework\src\Illuminate\Database\Connection.php:841
C:\laragon\www\varanasisaree\vendor\laravel\framework\src\Illuminate\Database\Connection.php:797
C:\laragon\www\varanasisaree\vendor\laravel\framework\src\Illuminate\Database\Connection.php:576
C:\laragon\www\varanasisaree\vendor\laravel\framework\src\Illuminate\Database\Schema\Blueprint.php:121
C:\laragon\www\varanasisaree\vendor\laravel\framework\src\Illuminate\Database\Schema\Builder.php:690
C:\laragon\www\varanasisaree\vendor\laravel\framework\src\Illuminate\Database\Schema\Builder.php:496
C:\laragon\www\varanasisaree\vendor\laravel\framework\src\Illuminate\Support\Facades\Facade.php:363
C:\laragon\www\varanasisaree\database\migrations\2025_10_04_121545_add_google_id_to_users_table.php:14
C:\laragon\www\varanasisaree\vendor\laravel\framework\src\Illuminate\Database\Migrations\Migrator.php:517
C:\laragon\www\varanasisaree\vendor\laravel\framework\src\Illuminate\Database\Migrations\Migrator.php:442
C:\laragon\www\varanasisaree\vendor\laravel\framework\src\Illuminate\Database\Migrations\Migrator.php:451
C:\laragon\www\varanasisaree\vendor\laravel\framework\src\Illuminate\Database\Migrations\Migrator.php:253
C:\laragon\www\varanasisaree\vendor\laravel\framework\src\Illuminate\Console\View\Components\Task.php:43
C:\laragon\www\varanasisaree\vendor\laravel\framework\src\Illuminate\Database\Migrations\Migrator.php:814
C:\laragon\www\varanasisaree\vendor\laravel\framework\src\Illuminate\Database\Migrations\Migrator.php:253
C:\laragon\www\varanasisaree\vendor\laravel\framework\src\Illuminate\Database\Migrations\Migrator.php:211
C:\laragon\www\varanasisaree\vendor\laravel\framework\src\Illuminate\Database\Migrations\Migrator.php:138
C:\laragon\www\varanasisaree\vendor\laravel\framework\src\Illuminate\Database\Console\Migrations\MigrateCommand.php:118
C:\laragon\www\varanasisaree\vendor\laravel\framework\src\Illuminate\Database\Migrations\Migrator.php:671
C:\laragon\www\varanasisaree\vendor\laravel\framework\src\Illuminate\Database\Console\Migrations\MigrateCommand.php:111
C:\laragon\www\varanasisaree\vendor\laravel\framework\src\Illuminate\Database\Console\Migrations\MigrateCommand.php:90
C:\laragon\www\varanasisaree\vendor\laravel\framework\src\Illuminate\Container\BoundMethod.php:36
C:\laragon\www\varanasisaree\vendor\laravel\framework\src\Illuminate\Container\Util.php:43
C:\laragon\www\varanasisaree\vendor\laravel\framework\src\Illuminate\Container\BoundMethod.php:96
C:\laragon\www\varanasisaree\vendor\laravel\framework\src\Illuminate\Container\BoundMethod.php:35
C:\laragon\www\varanasisaree\vendor\laravel\framework\src\Illuminate\Container\Container.php:799
C:\laragon\www\varanasisaree\vendor\laravel\framework\src\Illuminate\Console\Command.php:273
C:\laragon\www\varanasisaree\vendor\symfony\console\Command\Command.php:291
C:\laragon\www\varanasisaree\vendor\laravel\framework\src\Illuminate\Console\Command.php:242
C:\laragon\www\varanasisaree\vendor\laravel\framework\src\Illuminate\Console\Concerns\CallsCommands.php:68
C:\laragon\www\varanasisaree\vendor\laravel\framework\src\Illuminate\Console\Concerns\CallsCommands.php:29
C:\laragon\www\varanasisaree\vendor\laravel\framework\src\Illuminate\Database\Console\Migrations\FreshCommand.php:88
C:\laragon\www\varanasisaree\vendor\laravel\framework\src\Illuminate\Container\BoundMethod.php:36
C:\laragon\www\varanasisaree\vendor\laravel\framework\src\Illuminate\Container\Util.php:43
C:\laragon\www\varanasisaree\vendor\laravel\framework\src\Illuminate\Container\BoundMethod.php:96
C:\laragon\www\varanasisaree\vendor\laravel\framework\src\Illuminate\Container\BoundMethod.php:35
C:\laragon\www\varanasisaree\vendor\laravel\framework\src\Illuminate\Container\Container.php:799
C:\laragon\www\varanasisaree\vendor\laravel\framework\src\Illuminate\Console\Command.php:273
C:\laragon\www\varanasisaree\vendor\symfony\console\Command\Command.php:291
C:\laragon\www\varanasisaree\vendor\laravel\framework\src\Illuminate\Console\Command.php:242
C:\laragon\www\varanasisaree\vendor\symfony\console\Application.php:1084
C:\laragon\www\varanasisaree\vendor\symfony\console\Application.php:356
C:\laragon\www\varanasisaree\vendor\symfony\console\Application.php:195
C:\laragon\www\varanasisaree\vendor\laravel\framework\src\Illuminate\Console\Application.php:165
C:\laragon\www\varanasisaree\vendor\laravel\framework\src\Illuminate\Foundation\Console\Kernel.php:447
C:\laragon\www\varanasisaree\vendor\laravel\framework\src\Illuminate\Testing\PendingCommand.php:451
C:\laragon\www\varanasisaree\vendor\laravel\framework\src\Illuminate\Testing\PendingCommand.php:675
C:\laragon\www\varanasisaree\vendor\laravel\framework\src\Illuminate\Foundation\Testing\Concerns\InteractsWithConsole.php:87
C:\laragon\www\varanasisaree\vendor\laravel\framework\src\Illuminate\Foundation\Testing\RefreshDatabase.php:119
C:\laragon\www\varanasisaree\vendor\laravel\framework\src\Illuminate\Foundation\Testing\RefreshDatabase.php:84
C:\laragon\www\varanasisaree\vendor\laravel\framework\src\Illuminate\Foundation\Testing\RefreshDatabase.php:25
C:\laragon\www\varanasisaree\vendor\laravel\framework\src\Illuminate\Foundation\Testing\Concerns\InteractsWithTestCaseLifecycle.php:223
C:\laragon\www\varanasisaree\vendor\laravel\framework\src\Illuminate\Foundation\Testing\Concerns\InteractsWithTestCaseLifecycle.php:104
C:\laragon\www\varanasisaree\vendor\laravel\framework\src\Illuminate\Foundation\Testing\TestCase.php:63
C:\laragon\www\varanasisaree\tests\TestCase.php:13

Caused by
PDOException: SQLSTATE[HY000]: General error: 1 duplicate column name: avatar

C:\laragon\www\varanasisaree\vendor\laravel\framework\src\Illuminate\Database\Connection.php:581
C:\laragon\www\varanasisaree\vendor\laravel\framework\src\Illuminate\Database\Connection.php:830
C:\laragon\www\varanasisaree\vendor\laravel\framework\src\Illuminate\Database\Connection.php:797
C:\laragon\www\varanasisaree\vendor\laravel\framework\src\Illuminate\Database\Connection.php:576
C:\laragon\www\varanasisaree\vendor\laravel\framework\src\Illuminate\Database\Schema\Blueprint.php:121
C:\laragon\www\varanasisaree\vendor\laravel\framework\src\Illuminate\Database\Schema\Builder.php:690
C:\laragon\www\varanasisaree\vendor\laravel\framework\src\Illuminate\Database\Schema\Builder.php:496
C:\laragon\www\varanasisaree\vendor\laravel\framework\src\Illuminate\Support\Facades\Facade.php:363
C:\laragon\www\varanasisaree\database\migrations\2025_10_04_121545_add_google_id_to_users_table.php:14
C:\laragon\www\varanasisaree\vendor\laravel\framework\src\Illuminate\Database\Migrations\Migrator.php:517
C:\laragon\www\varanasisaree\vendor\laravel\framework\src\Illuminate\Database\Migrations\Migrator.php:442
C:\laragon\www\varanasisaree\vendor\laravel\framework\src\Illuminate\Database\Migrations\Migrator.php:451
C:\laragon\www\varanasisaree\vendor\laravel\framework\src\Illuminate\Database\Migrations\Migrator.php:253
C:\laragon\www\varanasisaree\vendor\laravel\framework\src\Illuminate\Console\View\Components\Task.php:43
C:\laragon\www\varanasisaree\vendor\laravel\framework\src\Illuminate\Database\Migrations\Migrator.php:814
C:\laragon\www\varanasisaree\vendor\laravel\framework\src\Illuminate\Database\Migrations\Migrator.php:253
C:\laragon\www\varanasisaree\vendor\laravel\framework\src\Illuminate\Database\Migrations\Migrator.php:211
C:\laragon\www\varanasisaree\vendor\laravel\framework\src\Illuminate\Database\Migrations\Migrator.php:138
C:\laragon\www\varanasisaree\vendor\laravel\framework\src\Illuminate\Database\Console\Migrations\MigrateCommand.php:118
C:\laragon\www\varanasisaree\vendor\laravel\framework\src\Illuminate\Database\Migrations\Migrator.php:671
C:\laragon\www\varanasisaree\vendor\laravel\framework\src\Illuminate\Database\Console\Migrations\MigrateCommand.php:111
C:\laragon\www\varanasisaree\vendor\laravel\framework\src\Illuminate\Database\Console\Migrations\MigrateCommand.php:90
C:\laragon\www\varanasisaree\vendor\laravel\framework\src\Illuminate\Container\BoundMethod.php:36
C:\laragon\www\varanasisaree\vendor\laravel\framework\src\Illuminate\Container\Util.php:43
C:\laragon\www\varanasisaree\vendor\laravel\framework\src\Illuminate\Container\BoundMethod.php:96
C:\laragon\www\varanasisaree\vendor\laravel\framework\src\Illuminate\Container\BoundMethod.php:35
C:\laragon\www\varanasisaree\vendor\laravel\framework\src\Illuminate\Container\Container.php:799
C:\laragon\www\varanasisaree\vendor\laravel\framework\src\Illuminate\Console\Command.php:273
C:\laragon\www\varanasisaree\vendor\symfony\console\Command\Command.php:291
C:\laragon\www\varanasisaree\vendor\laravel\framework\src\Illuminate\Console\Command.php:242
C:\laragon\www\varanasisaree\vendor\laravel\framework\src\Illuminate\Console\Concerns\CallsCommands.php:68
C:\laragon\www\varanasisaree\vendor\laravel\framework\src\Illuminate\Console\Concerns\CallsCommands.php:29
C:\laragon\www\varanasisaree\vendor\laravel\framework\src\Illuminate\Database\Console\Migrations\FreshCommand.php:88
C:\laragon\www\varanasisaree\vendor\laravel\framework\src\Illuminate\Container\BoundMethod.php:36
C:\laragon\www\varanasisaree\vendor\laravel\framework\src\Illuminate\Container\Util.php:43
C:\laragon\www\varanasisaree\vendor\laravel\framework\src\Illuminate\Container\BoundMethod.php:96
C:\laragon\www\varanasisaree\vendor\laravel\framework\src\Illuminate\Container\BoundMethod.php:35
C:\laragon\www\varanasisaree\vendor\laravel\framework\src\Illuminate\Container\Container.php:799
C:\laragon\www\varanasisaree\vendor\laravel\framework\src\Illuminate\Console\Command.php:273
C:\laragon\www\varanasisaree\vendor\symfony\console\Command\Command.php:291
C:\laragon\www\varanasisaree\vendor\laravel\framework\src\Illuminate\Console\Command.php:242
C:\laragon\www\varanasisaree\vendor\symfony\console\Application.php:1084
C:\laragon\www\varanasisaree\vendor\symfony\console\Application.php:356
C:\laragon\www\varanasisaree\vendor\symfony\console\Application.php:195
C:\laragon\www\varanasisaree\vendor\laravel\framework\src\Illuminate\Console\Application.php:165
C:\laragon\www\varanasisaree\vendor\laravel\framework\src\Illuminate\Foundation\Console\Kernel.php:447
C:\laragon\www\varanasisaree\vendor\laravel\framework\src\Illuminate\Testing\PendingCommand.php:451
C:\laragon\www\varanasisaree\vendor\laravel\framework\src\Illuminate\Testing\PendingCommand.php:675
C:\laragon\www\varanasisaree\vendor\laravel\framework\src\Illuminate\Foundation\Testing\Concerns\InteractsWithConsole.php:87
C:\laragon\www\varanasisaree\vendor\laravel\framework\src\Illuminate\Foundation\Testing\RefreshDatabase.php:119
C:\laragon\www\varanasisaree\vendor\laravel\framework\src\Illuminate\Foundation\Testing\RefreshDatabase.php:84
C:\laragon\www\varanasisaree\vendor\laravel\framework\src\Illuminate\Foundation\Testing\RefreshDatabase.php:25
C:\laragon\www\varanasisaree\vendor\laravel\framework\src\Illuminate\Foundation\Testing\Concerns\InteractsWithTestCaseLifecycle.php:223
C:\laragon\www\varanasisaree\vendor\laravel\framework\src\Illuminate\Foundation\Testing\Concerns\InteractsWithTestCaseLifecycle.php:104
C:\laragon\www\varanasisaree\vendor\laravel\framework\src\Illuminate\Foundation\Testing\TestCase.php:63
C:\laragon\www\varanasisaree\tests\TestCase.php:13

2) Tests\Feature\POSRefundTest::test_partial_refund_process
Illuminate\Database\QueryException: SQLSTATE[HY000]: General error: 1 duplicate column name: avatar (Connection: sqlite, Database: :memory:, SQL: alter table "users" add column "avatar" varchar)

C:\laragon\www\varanasisaree\vendor\laravel\framework\src\Illuminate\Database\Connection.php:841
C:\laragon\www\varanasisaree\vendor\laravel\framework\src\Illuminate\Database\Connection.php:797
C:\laragon\www\varanasisaree\vendor\laravel\framework\src\Illuminate\Database\Connection.php:576
C:\laragon\www\varanasisaree\vendor\laravel\framework\src\Illuminate\Database\Schema\Blueprint.php:121
C:\laragon\www\varanasisaree\vendor\laravel\framework\src\Illuminate\Database\Schema\Builder.php:690
C:\laragon\www\varanasisaree\vendor\laravel\framework\src\Illuminate\Database\Schema\Builder.php:496
C:\laragon\www\varanasisaree\vendor\laravel\framework\src\Illuminate\Support\Facades\Facade.php:363
C:\laragon\www\varanasisaree\database\migrations\2025_10_04_121545_add_google_id_to_users_table.php:14
C:\laragon\www\varanasisaree\vendor\laravel\framework\src\Illuminate\Database\Migrations\Migrator.php:517
C:\laragon\www\varanasisaree\vendor\laravel\framework\src\Illuminate\Database\Migrations\Migrator.php:442
C:\laragon\www\varanasisaree\vendor\laravel\framework\src\Illuminate\Database\Migrations\Migrator.php:451
C:\laragon\www\varanasisaree\vendor\laravel\framework\src\Illuminate\Database\Migrations\Migrator.php:253
C:\laragon\www\varanasisaree\vendor\laravel\framework\src\Illuminate\Console\View\Components\Task.php:43
C:\laragon\www\varanasisaree\vendor\laravel\framework\src\Illuminate\Database\Migrations\Migrator.php:814
C:\laragon\www\varanasisaree\vendor\laravel\framework\src\Illuminate\Database\Migrations\Migrator.php:253
C:\laragon\www\varanasisaree\vendor\laravel\framework\src\Illuminate\Database\Migrations\Migrator.php:211
C:\laragon\www\varanasisaree\vendor\laravel\framework\src\Illuminate\Database\Migrations\Migrator.php:138
C:\laragon\www\varanasisaree\vendor\laravel\framework\src\Illuminate\Database\Console\Migrations\MigrateCommand.php:118
C:\laragon\www\varanasisaree\vendor\laravel\framework\src\Illuminate\Database\Migrations\Migrator.php:671
C:\laragon\www\varanasisaree\vendor\laravel\framework\src\Illuminate\Database\Console\Migrations\MigrateCommand.php:111
C:\laragon\www\varanasisaree\vendor\laravel\framework\src\Illuminate\Database\Console\Migrations\MigrateCommand.php:90
C:\laragon\www\varanasisaree\vendor\laravel\framework\src\Illuminate\Container\BoundMethod.php:36
C:\laragon\www\varanasisaree\vendor\laravel\framework\src\Illuminate\Container\Util.php:43
C:\laragon\www\varanasisaree\vendor\laravel\framework\src\Illuminate\Container\BoundMethod.php:96
C:\laragon\www\varanasisaree\vendor\laravel\framework\src\Illuminate\Container\BoundMethod.php:35
C:\laragon\www\varanasisaree\vendor\laravel\framework\src\Illuminate\Container\Container.php:799
C:\laragon\www\varanasisaree\vendor\laravel\framework\src\Illuminate\Console\Command.php:273
C:\laragon\www\varanasisaree\vendor\symfony\console\Command\Command.php:291
C:\laragon\www\varanasisaree\vendor\laravel\framework\src\Illuminate\Console\Command.php:242
C:\laragon\www\varanasisaree\vendor\laravel\framework\src\Illuminate\Console\Concerns\CallsCommands.php:68
C:\laragon\www\varanasisaree\vendor\laravel\framework\src\Illuminate\Console\Concerns\CallsCommands.php:29
C:\laragon\www\varanasisaree\vendor\laravel\framework\src\Illuminate\Database\Console\Migrations\FreshCommand.php:88
C:\laragon\www\varanasisaree\vendor\laravel\framework\src\Illuminate\Container\BoundMethod.php:36
C:\laragon\www\varanasisaree\vendor\laravel\framework\src\Illuminate\Container\Util.php:43
C:\laragon\www\varanasisaree\vendor\laravel\framework\src\Illuminate\Container\BoundMethod.php:96
C:\laragon\www\varanasisaree\vendor\laravel\framework\src\Illuminate\Container\BoundMethod.php:35
C:\laragon\www\varanasisaree\vendor\laravel\framework\src\Illuminate\Container\Container.php:799
C:\laragon\www\varanasisaree\vendor\laravel\framework\src\Illuminate\Console\Command.php:273
C:\laragon\www\varanasisaree\vendor\symfony\console\Command\Command.php:291
C:\laragon\www\varanasisaree\vendor\laravel\framework\src\Illuminate\Console\Command.php:242
C:\laragon\www\varanasisaree\vendor\symfony\console\Application.php:1084
C:\laragon\www\varanasisaree\vendor\symfony\console\Application.php:356
C:\laragon\www\varanasisaree\vendor\symfony\console\Application.php:195
C:\laragon\www\varanasisaree\vendor\laravel\framework\src\Illuminate\Console\Application.php:165
C:\laragon\www\varanasisaree\vendor\laravel\framework\src\Illuminate\Foundation\Console\Kernel.php:447
C:\laragon\www\varanasisaree\vendor\laravel\framework\src\Illuminate\Testing\PendingCommand.php:451
C:\laragon\www\varanasisaree\vendor\laravel\framework\src\Illuminate\Testing\PendingCommand.php:675
C:\laragon\www\varanasisaree\vendor\laravel\framework\src\Illuminate\Foundation\Testing\Concerns\InteractsWithConsole.php:87
C:\laragon\www\varanasisaree\vendor\laravel\framework\src\Illuminate\Foundation\Testing\RefreshDatabase.php:119
C:\laragon\www\varanasisaree\vendor\laravel\framework\src\Illuminate\Foundation\Testing\RefreshDatabase.php:84
C:\laragon\www\varanasisaree\vendor\laravel\framework\src\Illuminate\Foundation\Testing\RefreshDatabase.php:25
C:\laragon\www\varanasisaree\vendor\laravel\framework\src\Illuminate\Foundation\Testing\Concerns\InteractsWithTestCaseLifecycle.php:223
C:\laragon\www\varanasisaree\vendor\laravel\framework\src\Illuminate\Foundation\Testing\Concerns\InteractsWithTestCaseLifecycle.php:104
C:\laragon\www\varanasisaree\vendor\laravel\framework\src\Illuminate\Foundation\Testing\TestCase.php:63
C:\laragon\www\varanasisaree\tests\TestCase.php:13

Caused by
PDOException: SQLSTATE[HY000]: General error: 1 duplicate column name: avatar

C:\laragon\www\varanasisaree\vendor\laravel\framework\src\Illuminate\Database\Connection.php:581
C:\laragon\www\varanasisaree\vendor\laravel\framework\src\Illuminate\Database\Connection.php:830
C:\laragon\www\varanasisaree\vendor\laravel\framework\src\Illuminate\Database\Connection.php:797
C:\laragon\www\varanasisaree\vendor\laravel\framework\src\Illuminate\Database\Connection.php:576
C:\laragon\www\varanasisaree\vendor\laravel\framework\src\Illuminate\Database\Schema\Blueprint.php:121
C:\laragon\www\varanasisaree\vendor\laravel\framework\src\Illuminate\Database\Schema\Builder.php:690
C:\laragon\www\varanasisaree\vendor\laravel\framework\src\Illuminate\Database\Schema\Builder.php:496
C:\laragon\www\varanasisaree\vendor\laravel\framework\src\Illuminate\Support\Facades\Facade.php:363
C:\laragon\www\varanasisaree\database\migrations\2025_10_04_121545_add_google_id_to_users_table.php:14
C:\laragon\www\varanasisaree\vendor\laravel\framework\src\Illuminate\Database\Migrations\Migrator.php:517
C:\laragon\www\varanasisaree\vendor\laravel\framework\src\Illuminate\Database\Migrations\Migrator.php:442
C:\laragon\www\varanasisaree\vendor\laravel\framework\src\Illuminate\Database\Migrations\Migrator.php:451
C:\laragon\www\varanasisaree\vendor\laravel\framework\src\Illuminate\Database\Migrations\Migrator.php:253
C:\laragon\www\varanasisaree\vendor\laravel\framework\src\Illuminate\Console\View\Components\Task.php:43
C:\laragon\www\varanasisaree\vendor\laravel\framework\src\Illuminate\Database\Migrations\Migrator.php:814
C:\laragon\www\varanasisaree\vendor\laravel\framework\src\Illuminate\Database\Migrations\Migrator.php:253
C:\laragon\www\varanasisaree\vendor\laravel\framework\src\Illuminate\Database\Migrations\Migrator.php:211
C:\laragon\www\varanasisaree\vendor\laravel\framework\src\Illuminate\Database\Migrations\Migrator.php:138
C:\laragon\www\varanasisaree\vendor\laravel\framework\src\Illuminate\Database\Console\Migrations\MigrateCommand.php:118
C:\laragon\www\varanasisaree\vendor\laravel\framework\src\Illuminate\Database\Migrations\Migrator.php:671
C:\laragon\www\varanasisaree\vendor\laravel\framework\src\Illuminate\Database\Console\Migrations\MigrateCommand.php:111
C:\laragon\www\varanasisaree\vendor\laravel\framework\src\Illuminate\Database\Console\Migrations\MigrateCommand.php:90
C:\laragon\www\varanasisaree\vendor\laravel\framework\src\Illuminate\Container\BoundMethod.php:36
C:\laragon\www\varanasisaree\vendor\laravel\framework\src\Illuminate\Container\Util.php:43
C:\laragon\www\varanasisaree\vendor\laravel\framework\src\Illuminate\Container\BoundMethod.php:96
C:\laragon\www\varanasisaree\vendor\laravel\framework\src\Illuminate\Container\BoundMethod.php:35
C:\laragon\www\varanasisaree\vendor\laravel\framework\src\Illuminate\Container\Container.php:799
C:\laragon\www\varanasisaree\vendor\laravel\framework\src\Illuminate\Console\Command.php:273
C:\laragon\www\varanasisaree\vendor\symfony\console\Command\Command.php:291
C:\laragon\www\varanasisaree\vendor\laravel\framework\src\Illuminate\Console\Command.php:242
C:\laragon\www\varanasisaree\vendor\laravel\framework\src\Illuminate\Console\Concerns\CallsCommands.php:68
C:\laragon\www\varanasisaree\vendor\laravel\framework\src\Illuminate\Console\Concerns\CallsCommands.php:29
C:\laragon\www\varanasisaree\vendor\laravel\framework\src\Illuminate\Database\Console\Migrations\FreshCommand.php:88
C:\laragon\www\varanasisaree\vendor\laravel\framework\src\Illuminate\Container\BoundMethod.php:36
C:\laragon\www\varanasisaree\vendor\laravel\framework\src\Illuminate\Container\Util.php:43
C:\laragon\www\varanasisaree\vendor\laravel\framework\src\Illuminate\Container\BoundMethod.php:96
C:\laragon\www\varanasisaree\vendor\laravel\framework\src\Illuminate\Container\BoundMethod.php:35
C:\laragon\www\varanasisaree\vendor\laravel\framework\src\Illuminate\Container\Container.php:799
C:\laragon\www\varanasisaree\vendor\laravel\framework\src\Illuminate\Console\Command.php:273
C:\laragon\www\varanasisaree\vendor\symfony\console\Command\Command.php:291
C:\laragon\www\varanasisaree\vendor\laravel\framework\src\Illuminate\Console\Command.php:242
C:\laragon\www\varanasisaree\vendor\symfony\console\Application.php:1084
C:\laragon\www\varanasisaree\vendor\symfony\console\Application.php:356
C:\laragon\www\varanasisaree\vendor\symfony\console\Application.php:195
C:\laragon\www\varanasisaree\vendor\laravel\framework\src\Illuminate\Console\Application.php:165
C:\laragon\www\varanasisaree\vendor\laravel\framework\src\Illuminate\Foundation\Console\Kernel.php:447
C:\laragon\www\varanasisaree\vendor\laravel\framework\src\Illuminate\Testing\PendingCommand.php:451
C:\laragon\www\varanasisaree\vendor\laravel\framework\src\Illuminate\Testing\PendingCommand.php:675
C:\laragon\www\varanasisaree\vendor\laravel\framework\src\Illuminate\Foundation\Testing\Concerns\InteractsWithConsole.php:87
C:\laragon\www\varanasisaree\vendor\laravel\framework\src\Illuminate\Foundation\Testing\RefreshDatabase.php:119
C:\laragon\www\varanasisaree\vendor\laravel\framework\src\Illuminate\Foundation\Testing\RefreshDatabase.php:84
C:\laragon\www\varanasisaree\vendor\laravel\framework\src\Illuminate\Foundation\Testing\RefreshDatabase.php:25
C:\laragon\www\varanasisaree\vendor\laravel\framework\src\Illuminate\Foundation\Testing\Concerns\InteractsWithTestCaseLifecycle.php:223
C:\laragon\www\varanasisaree\vendor\laravel\framework\src\Illuminate\Foundation\Testing\Concerns\InteractsWithTestCaseLifecycle.php:104
C:\laragon\www\varanasisaree\vendor\laravel\framework\src\Illuminate\Foundation\Testing\TestCase.php:63
C:\laragon\www\varanasisaree\tests\TestCase.php:13

3) Tests\Feature\POSRefundTest::test_using_credit_note_for_payment
Illuminate\Database\QueryException: SQLSTATE[HY000]: General error: 1 duplicate column name: avatar (Connection: sqlite, Database: :memory:, SQL: alter table "users" add column "avatar" varchar)

C:\laragon\www\varanasisaree\vendor\laravel\framework\src\Illuminate\Database\Connection.php:841
C:\laragon\www\varanasisaree\vendor\laravel\framework\src\Illuminate\Database\Connection.php:797
C:\laragon\www\varanasisaree\vendor\laravel\framework\src\Illuminate\Database\Connection.php:576
C:\laragon\www\varanasisaree\vendor\laravel\framework\src\Illuminate\Database\Schema\Blueprint.php:121
C:\laragon\www\varanasisaree\vendor\laravel\framework\src\Illuminate\Database\Schema\Builder.php:690
C:\laragon\www\varanasisaree\vendor\laravel\framework\src\Illuminate\Database\Schema\Builder.php:496
C:\laragon\www\varanasisaree\vendor\laravel\framework\src\Illuminate\Support\Facades\Facade.php:363
C:\laragon\www\varanasisaree\database\migrations\2025_10_04_121545_add_google_id_to_users_table.php:14
C:\laragon\www\varanasisaree\vendor\laravel\framework\src\Illuminate\Database\Migrations\Migrator.php:517
C:\laragon\www\varanasisaree\vendor\laravel\framework\src\Illuminate\Database\Migrations\Migrator.php:442
C:\laragon\www\varanasisaree\vendor\laravel\framework\src\Illuminate\Database\Migrations\Migrator.php:451
C:\laragon\www\varanasisaree\vendor\laravel\framework\src\Illuminate\Database\Migrations\Migrator.php:253
C:\laragon\www\varanasisaree\vendor\laravel\framework\src\Illuminate\Console\View\Components\Task.php:43
C:\laragon\www\varanasisaree\vendor\laravel\framework\src\Illuminate\Database\Migrations\Migrator.php:814
C:\laragon\www\varanasisaree\vendor\laravel\framework\src\Illuminate\Database\Migrations\Migrator.php:253
C:\laragon\www\varanasisaree\vendor\laravel\framework\src\Illuminate\Database\Migrations\Migrator.php:211
C:\laragon\www\varanasisaree\vendor\laravel\framework\src\Illuminate\Database\Migrations\Migrator.php:138
C:\laragon\www\varanasisaree\vendor\laravel\framework\src\Illuminate\Database\Console\Migrations\MigrateCommand.php:118
C:\laragon\www\varanasisaree\vendor\laravel\framework\src\Illuminate\Database\Migrations\Migrator.php:671
C:\laragon\www\varanasisaree\vendor\laravel\framework\src\Illuminate\Database\Console\Migrations\MigrateCommand.php:111
C:\laragon\www\varanasisaree\vendor\laravel\framework\src\Illuminate\Database\Console\Migrations\MigrateCommand.php:90
C:\laragon\www\varanasisaree\vendor\laravel\framework\src\Illuminate\Container\BoundMethod.php:36
C:\laragon\www\varanasisaree\vendor\laravel\framework\src\Illuminate\Container\Util.php:43
C:\laragon\www\varanasisaree\vendor\laravel\framework\src\Illuminate\Container\BoundMethod.php:96
C:\laragon\www\varanasisaree\vendor\laravel\framework\src\Illuminate\Container\BoundMethod.php:35
C:\laragon\www\varanasisaree\vendor\laravel\framework\src\Illuminate\Container\Container.php:799
C:\laragon\www\varanasisaree\vendor\laravel\framework\src\Illuminate\Console\Command.php:273
C:\laragon\www\varanasisaree\vendor\symfony\console\Command\Command.php:291
C:\laragon\www\varanasisaree\vendor\laravel\framework\src\Illuminate\Console\Command.php:242
C:\laragon\www\varanasisaree\vendor\laravel\framework\src\Illuminate\Console\Concerns\CallsCommands.php:68
C:\laragon\www\varanasisaree\vendor\laravel\framework\src\Illuminate\Console\Concerns\CallsCommands.php:29
C:\laragon\www\varanasisaree\vendor\laravel\framework\src\Illuminate\Database\Console\Migrations\FreshCommand.php:88
C:\laragon\www\varanasisaree\vendor\laravel\framework\src\Illuminate\Container\BoundMethod.php:36
C:\laragon\www\varanasisaree\vendor\laravel\framework\src\Illuminate\Container\Util.php:43
C:\laragon\www\varanasisaree\vendor\laravel\framework\src\Illuminate\Container\BoundMethod.php:96
C:\laragon\www\varanasisaree\vendor\laravel\framework\src\Illuminate\Container\BoundMethod.php:35
C:\laragon\www\varanasisaree\vendor\laravel\framework\src\Illuminate\Container\Container.php:799
C:\laragon\www\varanasisaree\vendor\laravel\framework\src\Illuminate\Console\Command.php:273
C:\laragon\www\varanasisaree\vendor\symfony\console\Command\Command.php:291
C:\laragon\www\varanasisaree\vendor\laravel\framework\src\Illuminate\Console\Command.php:242
C:\laragon\www\varanasisaree\vendor\symfony\console\Application.php:1084
C:\laragon\www\varanasisaree\vendor\symfony\console\Application.php:356
C:\laragon\www\varanasisaree\vendor\symfony\console\Application.php:195
C:\laragon\www\varanasisaree\vendor\laravel\framework\src\Illuminate\Console\Application.php:165
C:\laragon\www\varanasisaree\vendor\laravel\framework\src\Illuminate\Foundation\Console\Kernel.php:447
C:\laragon\www\varanasisaree\vendor\laravel\framework\src\Illuminate\Testing\PendingCommand.php:451
C:\laragon\www\varanasisaree\vendor\laravel\framework\src\Illuminate\Testing\PendingCommand.php:675
C:\laragon\www\varanasisaree\vendor\laravel\framework\src\Illuminate\Foundation\Testing\Concerns\InteractsWithConsole.php:87
C:\laragon\www\varanasisaree\vendor\laravel\framework\src\Illuminate\Foundation\Testing\RefreshDatabase.php:119
C:\laragon\www\varanasisaree\vendor\laravel\framework\src\Illuminate\Foundation\Testing\RefreshDatabase.php:84
C:\laragon\www\varanasisaree\vendor\laravel\framework\src\Illuminate\Foundation\Testing\RefreshDatabase.php:25
C:\laragon\www\varanasisaree\vendor\laravel\framework\src\Illuminate\Foundation\Testing\Concerns\InteractsWithTestCaseLifecycle.php:223
C:\laragon\www\varanasisaree\vendor\laravel\framework\src\Illuminate\Foundation\Testing\Concerns\InteractsWithTestCaseLifecycle.php:104
C:\laragon\www\varanasisaree\vendor\laravel\framework\src\Illuminate\Foundation\Testing\TestCase.php:63
C:\laragon\www\varanasisaree\tests\TestCase.php:13

Caused by
PDOException: SQLSTATE[HY000]: General error: 1 duplicate column name: avatar

C:\laragon\www\varanasisaree\vendor\laravel\framework\src\Illuminate\Database\Connection.php:581
C:\laragon\www\varanasisaree\vendor\laravel\framework\src\Illuminate\Database\Connection.php:830
C:\laragon\www\varanasisaree\vendor\laravel\framework\src\Illuminate\Database\Connection.php:797
C:\laragon\www\varanasisaree\vendor\laravel\framework\src\Illuminate\Database\Connection.php:576
C:\laragon\www\varanasisaree\vendor\laravel\framework\src\Illuminate\Database\Schema\Blueprint.php:121
C:\laragon\www\varanasisaree\vendor\laravel\framework\src\Illuminate\Database\Schema\Builder.php:690
C:\laragon\www\varanasisaree\vendor\laravel\framework\src\Illuminate\Database\Schema\Builder.php:496
C:\laragon\www\varanasisaree\vendor\laravel\framework\src\Illuminate\Support\Facades\Facade.php:363
C:\laragon\www\varanasisaree\database\migrations\2025_10_04_121545_add_google_id_to_users_table.php:14
C:\laragon\www\varanasisaree\vendor\laravel\framework\src\Illuminate\Database\Migrations\Migrator.php:517
C:\laragon\www\varanasisaree\vendor\laravel\framework\src\Illuminate\Database\Migrations\Migrator.php:442
C:\laragon\www\varanasisaree\vendor\laravel\framework\src\Illuminate\Database\Migrations\Migrator.php:451
C:\laragon\www\varanasisaree\vendor\laravel\framework\src\Illuminate\Database\Migrations\Migrator.php:253
C:\laragon\www\varanasisaree\vendor\laravel\framework\src\Illuminate\Console\View\Components\Task.php:43
C:\laragon\www\varanasisaree\vendor\laravel\framework\src\Illuminate\Database\Migrations\Migrator.php:814
C:\laragon\www\varanasisaree\vendor\laravel\framework\src\Illuminate\Database\Migrations\Migrator.php:253
C:\laragon\www\varanasisaree\vendor\laravel\framework\src\Illuminate\Database\Migrations\Migrator.php:211
C:\laragon\www\varanasisaree\vendor\laravel\framework\src\Illuminate\Database\Migrations\Migrator.php:138
C:\laragon\www\varanasisaree\vendor\laravel\framework\src\Illuminate\Database\Console\Migrations\MigrateCommand.php:118
C:\laragon\www\varanasisaree\vendor\laravel\framework\src\Illuminate\Database\Migrations\Migrator.php:671
C:\laragon\www\varanasisaree\vendor\laravel\framework\src\Illuminate\Database\Console\Migrations\MigrateCommand.php:111
C:\laragon\www\varanasisaree\vendor\laravel\framework\src\Illuminate\Database\Console\Migrations\MigrateCommand.php:90
C:\laragon\www\varanasisaree\vendor\laravel\framework\src\Illuminate\Container\BoundMethod.php:36
C:\laragon\www\varanasisaree\vendor\laravel\framework\src\Illuminate\Container\Util.php:43
C:\laragon\www\varanasisaree\vendor\laravel\framework\src\Illuminate\Container\BoundMethod.php:96
C:\laragon\www\varanasisaree\vendor\laravel\framework\src\Illuminate\Container\BoundMethod.php:35
C:\laragon\www\varanasisaree\vendor\laravel\framework\src\Illuminate\Container\Container.php:799
C:\laragon\www\varanasisaree\vendor\laravel\framework\src\Illuminate\Console\Command.php:273
C:\laragon\www\varanasisaree\vendor\symfony\console\Command\Command.php:291
C:\laragon\www\varanasisaree\vendor\laravel\framework\src\Illuminate\Console\Command.php:242
C:\laragon\www\varanasisaree\vendor\laravel\framework\src\Illuminate\Console\Concerns\CallsCommands.php:68
C:\laragon\www\varanasisaree\vendor\laravel\framework\src\Illuminate\Console\Concerns\CallsCommands.php:29
C:\laragon\www\varanasisaree\vendor\laravel\framework\src\Illuminate\Database\Console\Migrations\FreshCommand.php:88
C:\laragon\www\varanasisaree\vendor\laravel\framework\src\Illuminate\Container\BoundMethod.php:36
C:\laragon\www\varanasisaree\vendor\laravel\framework\src\Illuminate\Container\Util.php:43
C:\laragon\www\varanasisaree\vendor\laravel\framework\src\Illuminate\Container\BoundMethod.php:96
C:\laragon\www\varanasisaree\vendor\laravel\framework\src\Illuminate\Container\BoundMethod.php:35
C:\laragon\www\varanasisaree\vendor\laravel\framework\src\Illuminate\Container\Container.php:799
C:\laragon\www\varanasisaree\vendor\laravel\framework\src\Illuminate\Console\Command.php:273
C:\laragon\www\varanasisaree\vendor\symfony\console\Command\Command.php:291
C:\laragon\www\varanasisaree\vendor\laravel\framework\src\Illuminate\Console\Command.php:242
C:\laragon\www\varanasisaree\vendor\symfony\console\Application.php:1084
C:\laragon\www\varanasisaree\vendor\symfony\console\Application.php:356
C:\laragon\www\varanasisaree\vendor\symfony\console\Application.php:195
C:\laragon\www\varanasisaree\vendor\laravel\framework\src\Illuminate\Console\Application.php:165
C:\laragon\www\varanasisaree\vendor\laravel\framework\src\Illuminate\Foundation\Console\Kernel.php:447
C:\laragon\www\varanasisaree\vendor\laravel\framework\src\Illuminate\Testing\PendingCommand.php:451
C:\laragon\www\varanasisaree\vendor\laravel\framework\src\Illuminate\Testing\PendingCommand.php:675
C:\laragon\www\varanasisaree\vendor\laravel\framework\src\Illuminate\Foundation\Testing\Concerns\InteractsWithConsole.php:87
C:\laragon\www\varanasisaree\vendor\laravel\framework\src\Illuminate\Foundation\Testing\RefreshDatabase.php:119
C:\laragon\www\varanasisaree\vendor\laravel\framework\src\Illuminate\Foundation\Testing\RefreshDatabase.php:84
C:\laragon\www\varanasisaree\vendor\laravel\framework\src\Illuminate\Foundation\Testing\RefreshDatabase.php:25
C:\laragon\www\varanasisaree\vendor\laravel\framework\src\Illuminate\Foundation\Testing\Concerns\InteractsWithTestCaseLifecycle.php:223
C:\laragon\www\varanasisaree\vendor\laravel\framework\src\Illuminate\Foundation\Testing\Concerns\InteractsWithTestCaseLifecycle.php:104
C:\laragon\www\varanasisaree\vendor\laravel\framework\src\Illuminate\Foundation\Testing\TestCase.php:63
C:\laragon\www\varanasisaree\tests\TestCase.php:13

ERRORS!
Tests: 3, Assertions: 0, Errors: 3.
